// Jest Snapshot v1, https://goo.gl/fbAQLP

exports[`NotFound should match snapshot 1`] = `
Object {
  "asFragment": [Function],
  "baseElement": <body>
    <div>
      <div
        class="mx-auto text-center md:w-2/3"
      >
        <p
          class="my-40 text-4xl"
        >
          Sorry, this page doesn't exist!
        </p>
        <button
          aria-label="Back to Homepage"
          class="p-button p-component"
          data-pc-name="button"
          data-pc-section="root"
        >
          <span
            class="p-button-label p-c"
            data-pc-section="label"
          >
            Back to Homepage
          </span>
        </button>
      </div>
    </div>
  </body>,
  "container": <div>
    <div
      class="mx-auto text-center md:w-2/3"
    >
      <p
        class="my-40 text-4xl"
      >
        Sorry, this page doesn't exist!
      </p>
      <button
        aria-label="Back to Homepage"
        class="p-button p-component"
        data-pc-name="button"
        data-pc-section="root"
      >
        <span
          class="p-button-label p-c"
          data-pc-section="label"
        >
          Back to Homepage
        </span>
      </button>
    </div>
  </div>,
  "debug": [Function],
  "findAllByAltText": [Function],
  "findAllByDisplayValue": [Function],
  "findAllByLabelText": [Function],
  "findAllByPlaceholderText": [Function],
  "findAllByRole": [Function],
  "findAllByTestId": [Function],
  "findAllByText": [Function],
  "findAllByTitle": [Function],
  "findByAltText": [Function],
  "findByDisplayValue": [Function],
  "findByLabelText": [Function],
  "findByPlaceholderText": [Function],
  "findByRole": [Function],
  "findByTestId": [Function],
  "findByText": [Function],
  "findByTitle": [Function],
  "getAllByAltText": [Function],
  "getAllByDisplayValue": [Function],
  "getAllByLabelText": [Function],
  "getAllByPlaceholderText": [Function],
  "getAllByRole": [Function],
  "getAllByTestId": [Function],
  "getAllByText": [Function],
  "getAllByTitle": [Function],
  "getByAltText": [Function],
  "getByDisplayValue": [Function],
  "getByLabelText": [Function],
  "getByPlaceholderText": [Function],
  "getByRole": [Function],
  "getByTestId": [Function],
  "getByText": [Function],
  "getByTitle": [Function],
  "queryAllByAltText": [Function],
  "queryAllByDisplayValue": [Function],
  "queryAllByLabelText": [Function],
  "queryAllByPlaceholderText": [Function],
  "queryAllByRole": [Function],
  "queryAllByTestId": [Function],
  "queryAllByText": [Function],
  "queryAllByTitle": [Function],
  "queryByAltText": [Function],
  "queryByDisplayValue": [Function],
  "queryByLabelText": [Function],
  "queryByPlaceholderText": [Function],
  "queryByRole": [Function],
  "queryByTestId": [Function],
  "queryByText": [Function],
  "queryByTitle": [Function],
  "rerender": [Function],
  "unmount": [Function],
}
`;
